﻿  Determinando los proyectos que se van a restaurar...
  Todos los proyectos est├ín actualizados para la restauraci├│n.
  SmartTaskManager.Domain -> C:\Learn C#\OOP Portfolio Project (AI-Powered)\Smart-Task-Manager\src\SmartTaskManager.Domain\bin\Debug\net10.0\SmartTaskManager.Domain.dll
  SmartTaskManager.Application -> C:\Learn C#\OOP Portfolio Project (AI-Powered)\Smart-Task-Manager\src\SmartTaskManager.Application\bin\Debug\net10.0\SmartTaskManager.Application.dll
  SmartTaskManager.Infrastructure -> C:\Learn C#\OOP Portfolio Project (AI-Powered)\Smart-Task-Manager\src\SmartTaskManager.Infrastructure\bin\Debug\net10.0\SmartTaskManager.Infrastructure.dll
C:\Learn C#\OOP Portfolio Project (AI-Powered)\Smart-Task-Manager\src\SmartTaskManager.Api\Controllers\TasksController.cs(208,56): error CS0246: El nombre del tipo o del espacio de nombres 'TaskHistoryResponse' no se encontr├│ (┬┐falta una directiva using o una referencia de ensamblado?) [C:\Learn C#\OOP Portfolio Project (AI-Powered)\Smart-Task-Manager\src\SmartTaskManager.Api\SmartTaskManager.Api.csproj]
C:\Learn C#\OOP Portfolio Project (AI-Powered)\Smart-Task-Manager\src\SmartTaskManager.Api\Controllers\TasksController.cs(206,54): error CS0246: El nombre del tipo o del espacio de nombres 'TaskHistoryResponse' no se encontr├│ (┬┐falta una directiva using o una referencia de ensamblado?) [C:\Learn C#\OOP Portfolio Project (AI-Powered)\Smart-Task-Manager\src\SmartTaskManager.Api\SmartTaskManager.Api.csproj]

ERROR al compilar.

C:\Learn C#\OOP Portfolio Project (AI-Powered)\Smart-Task-Manager\src\SmartTaskManager.Api\Controllers\TasksController.cs(208,56): error CS0246: El nombre del tipo o del espacio de nombres 'TaskHistoryResponse' no se encontr├│ (┬┐falta una directiva using o una referencia de ensamblado?) [C:\Learn C#\OOP Portfolio Project (AI-Powered)\Smart-Task-Manager\src\SmartTaskManager.Api\SmartTaskManager.Api.csproj]
C:\Learn C#\OOP Portfolio Project (AI-Powered)\Smart-Task-Manager\src\SmartTaskManager.Api\Controllers\TasksController.cs(206,54): error CS0246: El nombre del tipo o del espacio de nombres 'TaskHistoryResponse' no se encontr├│ (┬┐falta una directiva using o una referencia de ensamblado?) [C:\Learn C#\OOP Portfolio Project (AI-Powered)\Smart-Task-Manager\src\SmartTaskManager.Api\SmartTaskManager.Api.csproj]
    0 Advertencia(s)
    2 Errores

Tiempo transcurrido 00:00:02.86
